// Jest Snapshot v1, https://goo.gl/fbAQLP

exports[`shoul render LoginPage correctly 1`] = `
<div>
  <button>
     Login 
  </button>
</div>
`;
